// Jest Snapshot v1, https://goo.gl/fbAQLP

exports[`quiz6 User navigates to quiz6 1`] = `
<View
  style={
    Object {
      "alignItems": "center",
      "backgroundColor": "#000",
      "flex": 1,
      "justifyContent": "center",
    }
  }
>
  <Image
    source={
      Object {
        "testUri": "../../../packages/blocks/dashboard/assets/mainlogo.png",
      }
    }
    style={
      Object {
        "height": 196,
        "resizeMode": "contain",
        "width": 196,
      }
    }
  />
  <ActivityIndicator
    color="#fff"
    size="large"
  />
</View>
`;

exports[`quiz6 User navigates to quiz6 2`] = `
<View
  style={
    Object {
      "alignItems": "center",
      "backgroundColor": "#000",
      "flex": 1,
      "justifyContent": "center",
    }
  }
>
  <Image
    source={
      Object {
        "testUri": "../../../packages/blocks/dashboard/assets/mainlogo.png",
      }
    }
    style={
      Object {
        "height": 196,
        "resizeMode": "contain",
        "width": 196,
      }
    }
  />
  <ActivityIndicator
    color="#fff"
    size="large"
  />
</View>
`;

exports[`quiz6 User navigates to quiz6 3`] = `
<View
  style={
    Object {
      "alignItems": "center",
      "backgroundColor": "#000",
      "flex": 1,
      "justifyContent": "center",
    }
  }
>
  <Image
    source={
      Object {
        "testUri": "../../../packages/blocks/dashboard/assets/mainlogo.png",
      }
    }
    style={
      Object {
        "height": 196,
        "resizeMode": "contain",
        "width": 196,
      }
    }
  />
  <ActivityIndicator
    color="#fff"
    size="large"
  />
</View>
`;

exports[`quiz6 User navigates to quiz6 4`] = `
<View
  style={
    Object {
      "alignItems": "center",
      "backgroundColor": "#000",
      "flex": 1,
      "justifyContent": "center",
    }
  }
>
  <Image
    source={
      Object {
        "testUri": "../../../packages/blocks/dashboard/assets/mainlogo.png",
      }
    }
    style={
      Object {
        "height": 196,
        "resizeMode": "contain",
        "width": 196,
      }
    }
  />
  <ActivityIndicator
    color="#fff"
    size="large"
  />
</View>
`;

exports[`quiz6 User navigates to quiz6 5`] = `
<View
  style={
    Object {
      "alignItems": "center",
      "backgroundColor": "#000",
      "flex": 1,
      "justifyContent": "center",
    }
  }
>
  <Image
    source={
      Object {
        "testUri": "../../../packages/blocks/dashboard/assets/mainlogo.png",
      }
    }
    style={
      Object {
        "height": 196,
        "resizeMode": "contain",
        "width": 196,
      }
    }
  />
  <ActivityIndicator
    color="#fff"
    size="large"
  />
</View>
`;

exports[`quiz6 User navigates to quiz6 6`] = `
<View
  style={
    Object {
      "alignItems": "center",
      "backgroundColor": "#000",
      "flex": 1,
      "justifyContent": "center",
    }
  }
>
  <Image
    source={
      Object {
        "testUri": "../../../packages/blocks/dashboard/assets/mainlogo.png",
      }
    }
    style={
      Object {
        "height": 196,
        "resizeMode": "contain",
        "width": 196,
      }
    }
  />
  <ActivityIndicator
    color="#fff"
    size="large"
  />
</View>
`;

exports[`quiz6 User navigates to quiz6 7`] = `
<View
  style={
    Object {
      "alignItems": "center",
      "backgroundColor": "#000",
      "flex": 1,
      "justifyContent": "center",
    }
  }
>
  <Image
    source={
      Object {
        "testUri": "../../../packages/blocks/dashboard/assets/mainlogo.png",
      }
    }
    style={
      Object {
        "height": 196,
        "resizeMode": "contain",
        "width": 196,
      }
    }
  />
  <ActivityIndicator
    color="#fff"
    size="large"
  />
</View>
`;
